MSBuild version 17.14.40+3e7442088 for .NET Framework

  Checking File Globs
  SE02_Controller_rc_lib.vcxproj -> C:\TEMP\ANTIGRAVITIY_ROLANDS_SCRIPTS\SE02_Controller\build\SE02_Controller_rc_lib.dir\Release\SE02_Controller_rc_lib.lib
  Generating juce_binarydata_SE02_Controller_BinaryData/JuceLibraryCode/BinaryData1.cpp, juce_binarydata_SE02_Controller_BinaryData/JuceLibraryCode/BinaryData2.cpp, juce_binarydata_SE02_Controller_BinaryData/JuceLibraryCode/BinaryData.h
  SE02_Controller_BinaryData.vcxproj -> C:\TEMP\ANTIGRAVITIY_ROLANDS_SCRIPTS\SE02_Controller\build\Release\SE02_Controller_BinaryData.lib
  PluginEditor.cpp
C:\TEMP\ANTIGRAVITIY_ROLANDS_SCRIPTS\SE02_Controller\Source\PresetBrowser.h(18,102): warning C4244: 'argument': conversion from 'int' to 'ValueType', possible loss of data [C:\TEMP\ANTIGRAVITIY_ROLANDS_SCRIPTS\SE02_Controller\build\SE02_Controller.vcxproj]
C:\TEMP\ANTIGRAVITIY_ROLANDS_SCRIPTS\SE02_Controller\Source\PresetBrowser.h(18,102): warning C4244:         with [C:\TEMP\ANTIGRAVITIY_ROLANDS_SCRIPTS\SE02_Controller\build\SE02_Controller.vcxproj]
C:\TEMP\ANTIGRAVITIY_ROLANDS_SCRIPTS\SE02_Controller\Source\PresetBrowser.h(18,102): warning C4244:         [ [C:\TEMP\ANTIGRAVITIY_ROLANDS_SCRIPTS\SE02_Controller\build\SE02_Controller.vcxproj]
C:\TEMP\ANTIGRAVITIY_ROLANDS_SCRIPTS\SE02_Controller\Source\PresetBrowser.h(18,102): warning C4244:             ValueType=float [C:\TEMP\ANTIGRAVITIY_ROLANDS_SCRIPTS\SE02_Controller\build\SE02_Controller.vcxproj]
C:\TEMP\ANTIGRAVITIY_ROLANDS_SCRIPTS\SE02_Controller\Source\PresetBrowser.h(18,102): warning C4244:         ] [C:\TEMP\ANTIGRAVITIY_ROLANDS_SCRIPTS\SE02_Controller\build\SE02_Controller.vcxproj]
  (compiling source file '../Source/PluginEditor.cpp')
  
C:\TEMP\ANTIGRAVITIY_ROLANDS_SCRIPTS\SE02_Controller\Source\PresetBrowser.h(18,87): warning C4244: 'argument': conversion from 'int' to 'ValueType', possible loss of data [C:\TEMP\ANTIGRAVITIY_ROLANDS_SCRIPTS\SE02_Controller\build\SE02_Controller.vcxproj]
C:\TEMP\ANTIGRAVITIY_ROLANDS_SCRIPTS\SE02_Controller\Source\PresetBrowser.h(18,87): warning C4244:         with [C:\TEMP\ANTIGRAVITIY_ROLANDS_SCRIPTS\SE02_Controller\build\SE02_Controller.vcxproj]
C:\TEMP\ANTIGRAVITIY_ROLANDS_SCRIPTS\SE02_Controller\Source\PresetBrowser.h(18,87): warning C4244:         [ [C:\TEMP\ANTIGRAVITIY_ROLANDS_SCRIPTS\SE02_Controller\build\SE02_Controller.vcxproj]
C:\TEMP\ANTIGRAVITIY_ROLANDS_SCRIPTS\SE02_Controller\Source\PresetBrowser.h(18,87): warning C4244:             ValueType=float [C:\TEMP\ANTIGRAVITIY_ROLANDS_SCRIPTS\SE02_Controller\build\SE02_Controller.vcxproj]
C:\TEMP\ANTIGRAVITIY_ROLANDS_SCRIPTS\SE02_Controller\Source\PresetBrowser.h(18,87): warning C4244:         ] [C:\TEMP\ANTIGRAVITIY_ROLANDS_SCRIPTS\SE02_Controller\build\SE02_Controller.vcxproj]
  (compiling source file '../Source/PluginEditor.cpp')
  
C:\TEMP\ANTIGRAVITIY_ROLANDS_SCRIPTS\SE02_Controller\Source\PresetBrowser.h(18,76): warning C4244: 'argument': conversion from 'int' to 'ValueType', possible loss of data [C:\TEMP\ANTIGRAVITIY_ROLANDS_SCRIPTS\SE02_Controller\build\SE02_Controller.vcxproj]
C:\TEMP\ANTIGRAVITIY_ROLANDS_SCRIPTS\SE02_Controller\Source\PresetBrowser.h(18,76): warning C4244:         with [C:\TEMP\ANTIGRAVITIY_ROLANDS_SCRIPTS\SE02_Controller\build\SE02_Controller.vcxproj]
C:\TEMP\ANTIGRAVITIY_ROLANDS_SCRIPTS\SE02_Controller\Source\PresetBrowser.h(18,76): warning C4244:         [ [C:\TEMP\ANTIGRAVITIY_ROLANDS_SCRIPTS\SE02_Controller\build\SE02_Controller.vcxproj]
C:\TEMP\ANTIGRAVITIY_ROLANDS_SCRIPTS\SE02_Controller\Source\PresetBrowser.h(18,76): warning C4244:             ValueType=float [C:\TEMP\ANTIGRAVITIY_ROLANDS_SCRIPTS\SE02_Controller\build\SE02_Controller.vcxproj]
C:\TEMP\ANTIGRAVITIY_ROLANDS_SCRIPTS\SE02_Controller\Source\PresetBrowser.h(18,76): warning C4244:         ] [C:\TEMP\ANTIGRAVITIY_ROLANDS_SCRIPTS\SE02_Controller\build\SE02_Controller.vcxproj]
  (compiling source file '../Source/PluginEditor.cpp')
  
C:\TEMP\ANTIGRAVITIY_ROLANDS_SCRIPTS\SE02_Controller\Source\PresetBrowser.h(18,52): warning C4244: 'argument': conversion from 'int' to 'ValueType', possible loss of data [C:\TEMP\ANTIGRAVITIY_ROLANDS_SCRIPTS\SE02_Controller\build\SE02_Controller.vcxproj]
C:\TEMP\ANTIGRAVITIY_ROLANDS_SCRIPTS\SE02_Controller\Source\PresetBrowser.h(18,52): warning C4244:         with [C:\TEMP\ANTIGRAVITIY_ROLANDS_SCRIPTS\SE02_Controller\build\SE02_Controller.vcxproj]
C:\TEMP\ANTIGRAVITIY_ROLANDS_SCRIPTS\SE02_Controller\Source\PresetBrowser.h(18,52): warning C4244:         [ [C:\TEMP\ANTIGRAVITIY_ROLANDS_SCRIPTS\SE02_Controller\build\SE02_Controller.vcxproj]
C:\TEMP\ANTIGRAVITIY_ROLANDS_SCRIPTS\SE02_Controller\Source\PresetBrowser.h(18,52): warning C4244:             ValueType=float [C:\TEMP\ANTIGRAVITIY_ROLANDS_SCRIPTS\SE02_Controller\build\SE02_Controller.vcxproj]
C:\TEMP\ANTIGRAVITIY_ROLANDS_SCRIPTS\SE02_Controller\Source\PresetBrowser.h(18,52): warning C4244:         ] [C:\TEMP\ANTIGRAVITIY_ROLANDS_SCRIPTS\SE02_Controller\build\SE02_Controller.vcxproj]
  (compiling source file '../Source/PluginEditor.cpp')
  
C:\TEMP\ANTIGRAVITIY_ROLANDS_SCRIPTS\SE02_Controller\Source\PresetBrowser.h(20,103): warning C4244: 'argument': conversion from 'int' to 'ValueType', possible loss of data [C:\TEMP\ANTIGRAVITIY_ROLANDS_SCRIPTS\SE02_Controller\build\SE02_Controller.vcxproj]
C:\TEMP\ANTIGRAVITIY_ROLANDS_SCRIPTS\SE02_Controller\Source\PresetBrowser.h(20,103): warning C4244:         with [C:\TEMP\ANTIGRAVITIY_ROLANDS_SCRIPTS\SE02_Controller\build\SE02_Controller.vcxproj]
C:\TEMP\ANTIGRAVITIY_ROLANDS_SCRIPTS\SE02_Controller\Source\PresetBrowser.h(20,103): warning C4244:         [ [C:\TEMP\ANTIGRAVITIY_ROLANDS_SCRIPTS\SE02_Controller\build\SE02_Controller.vcxproj]
C:\TEMP\ANTIGRAVITIY_ROLANDS_SCRIPTS\SE02_Controller\Source\PresetBrowser.h(20,103): warning C4244:             ValueType=float [C:\TEMP\ANTIGRAVITIY_ROLANDS_SCRIPTS\SE02_Controller\build\SE02_Controller.vcxproj]
C:\TEMP\ANTIGRAVITIY_ROLANDS_SCRIPTS\SE02_Controller\Source\PresetBrowser.h(20,103): warning C4244:         ] [C:\TEMP\ANTIGRAVITIY_ROLANDS_SCRIPTS\SE02_Controller\build\SE02_Controller.vcxproj]
  (compiling source file '../Source/PluginEditor.cpp')
  
C:\TEMP\ANTIGRAVITIY_ROLANDS_SCRIPTS\SE02_Controller\Source\PresetBrowser.h(20,91): warning C4244: 'argument': conversion from 'int' to 'ValueType', possible loss of data [C:\TEMP\ANTIGRAVITIY_ROLANDS_SCRIPTS\SE02_Controller\build\SE02_Controller.vcxproj]
C:\TEMP\ANTIGRAVITIY_ROLANDS_SCRIPTS\SE02_Controller\Source\PresetBrowser.h(20,91): warning C4244:         with [C:\TEMP\ANTIGRAVITIY_ROLANDS_SCRIPTS\SE02_Controller\build\SE02_Controller.vcxproj]
C:\TEMP\ANTIGRAVITIY_ROLANDS_SCRIPTS\SE02_Controller\Source\PresetBrowser.h(20,91): warning C4244:         [ [C:\TEMP\ANTIGRAVITIY_ROLANDS_SCRIPTS\SE02_Controller\build\SE02_Controller.vcxproj]
C:\TEMP\ANTIGRAVITIY_ROLANDS_SCRIPTS\SE02_Controller\Source\PresetBrowser.h(20,91): warning C4244:             ValueType=float [C:\TEMP\ANTIGRAVITIY_ROLANDS_SCRIPTS\SE02_Controller\build\SE02_Controller.vcxproj]
C:\TEMP\ANTIGRAVITIY_ROLANDS_SCRIPTS\SE02_Controller\Source\PresetBrowser.h(20,91): warning C4244:         ] [C:\TEMP\ANTIGRAVITIY_ROLANDS_SCRIPTS\SE02_Controller\build\SE02_Controller.vcxproj]
  (compiling source file '../Source/PluginEditor.cpp')
  
C:\TEMP\ANTIGRAVITIY_ROLANDS_SCRIPTS\SE02_Controller\Source\PresetBrowser.h(20,76): warning C4244: 'argument': conversion from 'int' to 'ValueType', possible loss of data [C:\TEMP\ANTIGRAVITIY_ROLANDS_SCRIPTS\SE02_Controller\build\SE02_Controller.vcxproj]
C:\TEMP\ANTIGRAVITIY_ROLANDS_SCRIPTS\SE02_Controller\Source\PresetBrowser.h(20,76): warning C4244:         with [C:\TEMP\ANTIGRAVITIY_ROLANDS_SCRIPTS\SE02_Controller\build\SE02_Controller.vcxproj]
C:\TEMP\ANTIGRAVITIY_ROLANDS_SCRIPTS\SE02_Controller\Source\PresetBrowser.h(20,76): warning C4244:         [ [C:\TEMP\ANTIGRAVITIY_ROLANDS_SCRIPTS\SE02_Controller\build\SE02_Controller.vcxproj]
C:\TEMP\ANTIGRAVITIY_ROLANDS_SCRIPTS\SE02_Controller\Source\PresetBrowser.h(20,76): warning C4244:             ValueType=float [C:\TEMP\ANTIGRAVITIY_ROLANDS_SCRIPTS\SE02_Controller\build\SE02_Controller.vcxproj]
C:\TEMP\ANTIGRAVITIY_ROLANDS_SCRIPTS\SE02_Controller\Source\PresetBrowser.h(20,76): warning C4244:         ] [C:\TEMP\ANTIGRAVITIY_ROLANDS_SCRIPTS\SE02_Controller\build\SE02_Controller.vcxproj]
  (compiling source file '../Source/PluginEditor.cpp')
  
C:\TEMP\ANTIGRAVITIY_ROLANDS_SCRIPTS\SE02_Controller\Source\PresetBrowser.h(20,69): warning C4244: 'argument': conversion from 'int' to 'ValueType', possible loss of data [C:\TEMP\ANTIGRAVITIY_ROLANDS_SCRIPTS\SE02_Controller\build\SE02_Controller.vcxproj]
C:\TEMP\ANTIGRAVITIY_ROLANDS_SCRIPTS\SE02_Controller\Source\PresetBrowser.h(20,69): warning C4244:         with [C:\TEMP\ANTIGRAVITIY_ROLANDS_SCRIPTS\SE02_Controller\build\SE02_Controller.vcxproj]
C:\TEMP\ANTIGRAVITIY_ROLANDS_SCRIPTS\SE02_Controller\Source\PresetBrowser.h(20,69): warning C4244:         [ [C:\TEMP\ANTIGRAVITIY_ROLANDS_SCRIPTS\SE02_Controller\build\SE02_Controller.vcxproj]
C:\TEMP\ANTIGRAVITIY_ROLANDS_SCRIPTS\SE02_Controller\Source\PresetBrowser.h(20,69): warning C4244:             ValueType=float [C:\TEMP\ANTIGRAVITIY_ROLANDS_SCRIPTS\SE02_Controller\build\SE02_Controller.vcxproj]
C:\TEMP\ANTIGRAVITIY_ROLANDS_SCRIPTS\SE02_Controller\Source\PresetBrowser.h(20,69): warning C4244:         ] [C:\TEMP\ANTIGRAVITIY_ROLANDS_SCRIPTS\SE02_Controller\build\SE02_Controller.vcxproj]
  (compiling source file '../Source/PluginEditor.cpp')
  
C:\TEMP\ANTIGRAVITIY_ROLANDS_SCRIPTS\SE02_Controller\Source\PresetBrowser.h(9,60): warning C4100: 'scrollbar': unreferenced parameter [C:\TEMP\ANTIGRAVITIY_ROLANDS_SCRIPTS\SE02_Controller\build\SE02_Controller.vcxproj]
  (compiling source file '../Source/PluginEditor.cpp')
  
C:\TEMP\ANTIGRAVITIY_ROLANDS_SCRIPTS\SE02_Controller\Source\PluginEditor.h(65,60): warning C4100: 'style': unreferenced parameter [C:\TEMP\ANTIGRAVITIY_ROLANDS_SCRIPTS\SE02_Controller\build\SE02_Controller.vcxproj]
  (compiling source file '../Source/PluginEditor.cpp')
  
C:\TEMP\ANTIGRAVITIY_ROLANDS_SCRIPTS\SE02_Controller\Source\PluginEditor.h(64,71): warning C4100: 'maxSliderPos': unreferenced parameter [C:\TEMP\ANTIGRAVITIY_ROLANDS_SCRIPTS\SE02_Controller\build\SE02_Controller.vcxproj]
  (compiling source file '../Source/PluginEditor.cpp')
  
C:\TEMP\ANTIGRAVITIY_ROLANDS_SCRIPTS\SE02_Controller\Source\PluginEditor.h(64,51): warning C4100: 'minSliderPos': unreferenced parameter [C:\TEMP\ANTIGRAVITIY_ROLANDS_SCRIPTS\SE02_Controller\build\SE02_Controller.vcxproj]
  (compiling source file '../Source/PluginEditor.cpp')
  
C:\TEMP\ANTIGRAVITIY_ROLANDS_SCRIPTS\SE02_Controller\Source\PluginEditor.cpp(251,1): warning C4100: 'pathB': unreferenced parameter [C:\TEMP\ANTIGRAVITIY_ROLANDS_SCRIPTS\SE02_Controller\build\SE02_Controller.vcxproj]
C:\TEMP\ANTIGRAVITIY_ROLANDS_SCRIPTS\SE02_Controller\Source\PluginEditor.cpp(251,1): warning C4100: 'pathA': unreferenced parameter [C:\TEMP\ANTIGRAVITIY_ROLANDS_SCRIPTS\SE02_Controller\build\SE02_Controller.vcxproj]
C:\TEMP\ANTIGRAVITIY_ROLANDS_SCRIPTS\SE02_Controller\Source\PluginEditor.cpp(256,57): error C2039: 'getParameterTree': is not a member of 'juce::AudioProcessorValueTreeState' [C:\TEMP\ANTIGRAVITIY_ROLANDS_SCRIPTS\SE02_Controller\build\SE02_Controller.vcxproj]
      C:\TEMP\ANTIGRAVITIY_ROLANDS_SCRIPTS\SE02_Controller\build\_deps\juce-src\modules\juce_audio_processors\utilities\juce_AudioProcessorValueTreeState.h(119,16):
      see declaration of 'juce::AudioProcessorValueTreeState'
  
C:\TEMP\ANTIGRAVITIY_ROLANDS_SCRIPTS\SE02_Controller\Source\PluginEditor.cpp(256,57): error C2039: '__this': is not a member of 'juce::AudioProcessorValueTreeState' [C:\TEMP\ANTIGRAVITIY_ROLANDS_SCRIPTS\SE02_Controller\build\SE02_Controller.vcxproj]
      C:\TEMP\ANTIGRAVITIY_ROLANDS_SCRIPTS\SE02_Controller\build\_deps\juce-src\modules\juce_audio_processors\utilities\juce_AudioProcessorValueTreeState.h(119,16):
      see declaration of 'juce::AudioProcessorValueTreeState'
  
C:\TEMP\ANTIGRAVITIY_ROLANDS_SCRIPTS\SE02_Controller\Source\PluginEditor.cpp(256,28): error C3531: 'param': a symbol whose type contains 'auto' must have an initializer [C:\TEMP\ANTIGRAVITIY_ROLANDS_SCRIPTS\SE02_Controller\build\SE02_Controller.vcxproj]
C:\TEMP\ANTIGRAVITIY_ROLANDS_SCRIPTS\SE02_Controller\Source\PluginEditor.cpp(256,34): error C2143: syntax error: missing ';' before ':' [C:\TEMP\ANTIGRAVITIY_ROLANDS_SCRIPTS\SE02_Controller\build\SE02_Controller.vcxproj]
C:\TEMP\ANTIGRAVITIY_ROLANDS_SCRIPTS\SE02_Controller\Source\PluginEditor.cpp(256,94): error C2143: syntax error: missing ';' before ')' [C:\TEMP\ANTIGRAVITIY_ROLANDS_SCRIPTS\SE02_Controller\build\SE02_Controller.vcxproj]
C:\TEMP\ANTIGRAVITIY_ROLANDS_SCRIPTS\SE02_Controller\Source\PluginEditor.cpp(269,45): error C2681: '<error type>': invalid expression type for dynamic_cast [C:\TEMP\ANTIGRAVITIY_ROLANDS_SCRIPTS\SE02_Controller\build\SE02_Controller.vcxproj]
C:\TEMP\ANTIGRAVITIY_ROLANDS_SCRIPTS\SE02_Controller\Source\PluginEditor.cpp(269,31): error C3536: 'rangedParam': cannot be used before it is initialized [C:\TEMP\ANTIGRAVITIY_ROLANDS_SCRIPTS\SE02_Controller\build\SE02_Controller.vcxproj]
C:\TEMP\ANTIGRAVITIY_ROLANDS_SCRIPTS\SE02_Controller\Source\PluginEditor.cpp(477,35): warning C4996: 'juce::Font::Font': Use the constructor that takes a FontOptions argument [C:\TEMP\ANTIGRAVITIY_ROLANDS_SCRIPTS\SE02_Controller\build\SE02_Controller.vcxproj]
C:\TEMP\ANTIGRAVITIY_ROLANDS_SCRIPTS\SE02_Controller\Source\PluginEditor.cpp(545,77): warning C4244: 'argument': conversion from 'float' to 'int', possible loss of data [C:\TEMP\ANTIGRAVITIY_ROLANDS_SCRIPTS\SE02_Controller\build\SE02_Controller.vcxproj]
C:\TEMP\ANTIGRAVITIY_ROLANDS_SCRIPTS\SE02_Controller\Source\PluginEditor.cpp(545,64): warning C4244: 'argument': conversion from 'float' to 'int', possible loss of data [C:\TEMP\ANTIGRAVITIY_ROLANDS_SCRIPTS\SE02_Controller\build\SE02_Controller.vcxproj]
C:\TEMP\ANTIGRAVITIY_ROLANDS_SCRIPTS\SE02_Controller\Source\PluginEditor.cpp(545,44): warning C4244: 'argument': conversion from 'float' to 'int', possible loss of data [C:\TEMP\ANTIGRAVITIY_ROLANDS_SCRIPTS\SE02_Controller\build\SE02_Controller.vcxproj]
C:\TEMP\ANTIGRAVITIY_ROLANDS_SCRIPTS\SE02_Controller\Source\PluginEditor.cpp(545,32): warning C4244: 'argument': conversion from 'float' to 'int', possible loss of data [C:\TEMP\ANTIGRAVITIY_ROLANDS_SCRIPTS\SE02_Controller\build\SE02_Controller.vcxproj]
C:\TEMP\ANTIGRAVITIY_ROLANDS_SCRIPTS\SE02_Controller\Source\PluginEditor.cpp(546,76): warning C4244: 'argument': conversion from 'float' to 'int', possible loss of data [C:\TEMP\ANTIGRAVITIY_ROLANDS_SCRIPTS\SE02_Controller\build\SE02_Controller.vcxproj]
C:\TEMP\ANTIGRAVITIY_ROLANDS_SCRIPTS\SE02_Controller\Source\PluginEditor.cpp(546,63): warning C4244: 'argument': conversion from 'float' to 'int', possible loss of data [C:\TEMP\ANTIGRAVITIY_ROLANDS_SCRIPTS\SE02_Controller\build\SE02_Controller.vcxproj]
C:\TEMP\ANTIGRAVITIY_ROLANDS_SCRIPTS\SE02_Controller\Source\PluginEditor.cpp(546,42): warning C4244: 'argument': conversion from 'float' to 'int', possible loss of data [C:\TEMP\ANTIGRAVITIY_ROLANDS_SCRIPTS\SE02_Controller\build\SE02_Controller.vcxproj]
C:\TEMP\ANTIGRAVITIY_ROLANDS_SCRIPTS\SE02_Controller\Source\PluginEditor.cpp(546,30): warning C4244: 'argument': conversion from 'float' to 'int', possible loss of data [C:\TEMP\ANTIGRAVITIY_ROLANDS_SCRIPTS\SE02_Controller\build\SE02_Controller.vcxproj]
C:\TEMP\ANTIGRAVITIY_ROLANDS_SCRIPTS\SE02_Controller\Source\PluginEditor.cpp(547,78): warning C4244: 'argument': conversion from 'float' to 'int', possible loss of data [C:\TEMP\ANTIGRAVITIY_ROLANDS_SCRIPTS\SE02_Controller\build\SE02_Controller.vcxproj]
C:\TEMP\ANTIGRAVITIY_ROLANDS_SCRIPTS\SE02_Controller\Source\PluginEditor.cpp(547,65): warning C4244: 'argument': conversion from 'float' to 'int', possible loss of data [C:\TEMP\ANTIGRAVITIY_ROLANDS_SCRIPTS\SE02_Controller\build\SE02_Controller.vcxproj]
C:\TEMP\ANTIGRAVITIY_ROLANDS_SCRIPTS\SE02_Controller\Source\PluginEditor.cpp(547,45): warning C4244: 'argument': conversion from 'float' to 'int', possible loss of data [C:\TEMP\ANTIGRAVITIY_ROLANDS_SCRIPTS\SE02_Controller\build\SE02_Controller.vcxproj]
C:\TEMP\ANTIGRAVITIY_ROLANDS_SCRIPTS\SE02_Controller\Source\PluginEditor.cpp(547,33): warning C4244: 'argument': conversion from 'float' to 'int', possible loss of data [C:\TEMP\ANTIGRAVITIY_ROLANDS_SCRIPTS\SE02_Controller\build\SE02_Controller.vcxproj]
C:\TEMP\ANTIGRAVITIY_ROLANDS_SCRIPTS\SE02_Controller\Source\PluginEditor.cpp(549,81): warning C4244: 'argument': conversion from 'float' to 'int', possible loss of data [C:\TEMP\ANTIGRAVITIY_ROLANDS_SCRIPTS\SE02_Controller\build\SE02_Controller.vcxproj]
C:\TEMP\ANTIGRAVITIY_ROLANDS_SCRIPTS\SE02_Controller\Source\PluginEditor.cpp(549,68): warning C4244: 'argument': conversion from 'float' to 'int', possible loss of data [C:\TEMP\ANTIGRAVITIY_ROLANDS_SCRIPTS\SE02_Controller\build\SE02_Controller.vcxproj]
C:\TEMP\ANTIGRAVITIY_ROLANDS_SCRIPTS\SE02_Controller\Source\PluginEditor.cpp(549,48): warning C4244: 'argument': conversion from 'float' to 'int', possible loss of data [C:\TEMP\ANTIGRAVITIY_ROLANDS_SCRIPTS\SE02_Controller\build\SE02_Controller.vcxproj]
C:\TEMP\ANTIGRAVITIY_ROLANDS_SCRIPTS\SE02_Controller\Source\PluginEditor.cpp(549,36): warning C4244: 'argument': conversion from 'float' to 'int', possible loss of data [C:\TEMP\ANTIGRAVITIY_ROLANDS_SCRIPTS\SE02_Controller\build\SE02_Controller.vcxproj]
C:\TEMP\ANTIGRAVITIY_ROLANDS_SCRIPTS\SE02_Controller\Source\PluginEditor.cpp(550,74): warning C4244: 'argument': conversion from 'float' to 'int', possible loss of data [C:\TEMP\ANTIGRAVITIY_ROLANDS_SCRIPTS\SE02_Controller\build\SE02_Controller.vcxproj]
C:\TEMP\ANTIGRAVITIY_ROLANDS_SCRIPTS\SE02_Controller\Source\PluginEditor.cpp(550,61): warning C4244: 'argument': conversion from 'float' to 'int', possible loss of data [C:\TEMP\ANTIGRAVITIY_ROLANDS_SCRIPTS\SE02_Controller\build\SE02_Controller.vcxproj]
C:\TEMP\ANTIGRAVITIY_ROLANDS_SCRIPTS\SE02_Controller\Source\PluginEditor.cpp(550,41): warning C4244: 'argument': conversion from 'float' to 'int', possible loss of data [C:\TEMP\ANTIGRAVITIY_ROLANDS_SCRIPTS\SE02_Controller\build\SE02_Controller.vcxproj]
C:\TEMP\ANTIGRAVITIY_ROLANDS_SCRIPTS\SE02_Controller\Source\PluginEditor.cpp(550,29): warning C4244: 'argument': conversion from 'float' to 'int', possible loss of data [C:\TEMP\ANTIGRAVITIY_ROLANDS_SCRIPTS\SE02_Controller\build\SE02_Controller.vcxproj]
C:\TEMP\ANTIGRAVITIY_ROLANDS_SCRIPTS\SE02_Controller\Source\PluginEditor.cpp(560,86): warning C4244: 'argument': conversion from 'float' to 'int', possible loss of data [C:\TEMP\ANTIGRAVITIY_ROLANDS_SCRIPTS\SE02_Controller\build\SE02_Controller.vcxproj]
C:\TEMP\ANTIGRAVITIY_ROLANDS_SCRIPTS\SE02_Controller\Source\PluginEditor.cpp(560,73): warning C4244: 'argument': conversion from 'float' to 'int', possible loss of data [C:\TEMP\ANTIGRAVITIY_ROLANDS_SCRIPTS\SE02_Controller\build\SE02_Controller.vcxproj]
C:\TEMP\ANTIGRAVITIY_ROLANDS_SCRIPTS\SE02_Controller\Source\PluginEditor.cpp(560,52): warning C4244: 'argument': conversion from 'float' to 'int', possible loss of data [C:\TEMP\ANTIGRAVITIY_ROLANDS_SCRIPTS\SE02_Controller\build\SE02_Controller.vcxproj]
C:\TEMP\ANTIGRAVITIY_ROLANDS_SCRIPTS\SE02_Controller\Source\PluginEditor.cpp(560,32): warning C4244: 'argument': conversion from 'float' to 'int', possible loss of data [C:\TEMP\ANTIGRAVITIY_ROLANDS_SCRIPTS\SE02_Controller\build\SE02_Controller.vcxproj]
C:\TEMP\ANTIGRAVITIY_ROLANDS_SCRIPTS\SE02_Controller\Source\PluginEditor.cpp(561,87): warning C4244: 'argument': conversion from 'float' to 'int', possible loss of data [C:\TEMP\ANTIGRAVITIY_ROLANDS_SCRIPTS\SE02_Controller\build\SE02_Controller.vcxproj]
C:\TEMP\ANTIGRAVITIY_ROLANDS_SCRIPTS\SE02_Controller\Source\PluginEditor.cpp(561,74): warning C4244: 'argument': conversion from 'float' to 'int', possible loss of data [C:\TEMP\ANTIGRAVITIY_ROLANDS_SCRIPTS\SE02_Controller\build\SE02_Controller.vcxproj]
C:\TEMP\ANTIGRAVITIY_ROLANDS_SCRIPTS\SE02_Controller\Source\PluginEditor.cpp(561,53): warning C4244: 'argument': conversion from 'float' to 'int', possible loss of data [C:\TEMP\ANTIGRAVITIY_ROLANDS_SCRIPTS\SE02_Controller\build\SE02_Controller.vcxproj]
C:\TEMP\ANTIGRAVITIY_ROLANDS_SCRIPTS\SE02_Controller\Source\PluginEditor.cpp(561,33): warning C4244: 'argument': conversion from 'float' to 'int', possible loss of data [C:\TEMP\ANTIGRAVITIY_ROLANDS_SCRIPTS\SE02_Controller\build\SE02_Controller.vcxproj]
C:\TEMP\ANTIGRAVITIY_ROLANDS_SCRIPTS\SE02_Controller\Source\PluginEditor.cpp(562,84): warning C4244: 'argument': conversion from 'float' to 'int', possible loss of data [C:\TEMP\ANTIGRAVITIY_ROLANDS_SCRIPTS\SE02_Controller\build\SE02_Controller.vcxproj]
C:\TEMP\ANTIGRAVITIY_ROLANDS_SCRIPTS\SE02_Controller\Source\PluginEditor.cpp(562,71): warning C4244: 'argument': conversion from 'float' to 'int', possible loss of data [C:\TEMP\ANTIGRAVITIY_ROLANDS_SCRIPTS\SE02_Controller\build\SE02_Controller.vcxproj]
C:\TEMP\ANTIGRAVITIY_ROLANDS_SCRIPTS\SE02_Controller\Source\PluginEditor.cpp(562,51): warning C4244: 'argument': conversion from 'float' to 'int', possible loss of data [C:\TEMP\ANTIGRAVITIY_ROLANDS_SCRIPTS\SE02_Controller\build\SE02_Controller.vcxproj]
C:\TEMP\ANTIGRAVITIY_ROLANDS_SCRIPTS\SE02_Controller\Source\PluginEditor.cpp(562,31): warning C4244: 'argument': conversion from 'float' to 'int', possible loss of data [C:\TEMP\ANTIGRAVITIY_ROLANDS_SCRIPTS\SE02_Controller\build\SE02_Controller.vcxproj]
C:\TEMP\ANTIGRAVITIY_ROLANDS_SCRIPTS\SE02_Controller\Source\PluginEditor.cpp(563,84): warning C4244: 'argument': conversion from 'float' to 'int', possible loss of data [C:\TEMP\ANTIGRAVITIY_ROLANDS_SCRIPTS\SE02_Controller\build\SE02_Controller.vcxproj]
C:\TEMP\ANTIGRAVITIY_ROLANDS_SCRIPTS\SE02_Controller\Source\PluginEditor.cpp(563,71): warning C4244: 'argument': conversion from 'float' to 'int', possible loss of data [C:\TEMP\ANTIGRAVITIY_ROLANDS_SCRIPTS\SE02_Controller\build\SE02_Controller.vcxproj]
C:\TEMP\ANTIGRAVITIY_ROLANDS_SCRIPTS\SE02_Controller\Source\PluginEditor.cpp(563,51): warning C4244: 'argument': conversion from 'float' to 'int', possible loss of data [C:\TEMP\ANTIGRAVITIY_ROLANDS_SCRIPTS\SE02_Controller\build\SE02_Controller.vcxproj]
C:\TEMP\ANTIGRAVITIY_ROLANDS_SCRIPTS\SE02_Controller\Source\PluginEditor.cpp(563,31): warning C4244: 'argument': conversion from 'float' to 'int', possible loss of data [C:\TEMP\ANTIGRAVITIY_ROLANDS_SCRIPTS\SE02_Controller\build\SE02_Controller.vcxproj]
C:\TEMP\ANTIGRAVITIY_ROLANDS_SCRIPTS\SE02_Controller\Source\PluginEditor.cpp(564,84): warning C4244: 'argument': conversion from 'float' to 'int', possible loss of data [C:\TEMP\ANTIGRAVITIY_ROLANDS_SCRIPTS\SE02_Controller\build\SE02_Controller.vcxproj]
C:\TEMP\ANTIGRAVITIY_ROLANDS_SCRIPTS\SE02_Controller\Source\PluginEditor.cpp(564,71): warning C4244: 'argument': conversion from 'float' to 'int', possible loss of data [C:\TEMP\ANTIGRAVITIY_ROLANDS_SCRIPTS\SE02_Controller\build\SE02_Controller.vcxproj]
C:\TEMP\ANTIGRAVITIY_ROLANDS_SCRIPTS\SE02_Controller\Source\PluginEditor.cpp(564,51): warning C4244: 'argument': conversion from 'float' to 'int', possible loss of data [C:\TEMP\ANTIGRAVITIY_ROLANDS_SCRIPTS\SE02_Controller\build\SE02_Controller.vcxproj]
C:\TEMP\ANTIGRAVITIY_ROLANDS_SCRIPTS\SE02_Controller\Source\PluginEditor.cpp(564,31): warning C4244: 'argument': conversion from 'float' to 'int', possible loss of data [C:\TEMP\ANTIGRAVITIY_ROLANDS_SCRIPTS\SE02_Controller\build\SE02_Controller.vcxproj]
  juce_vst3_helper.vcxproj -> C:\TEMP\ANTIGRAVITIY_ROLANDS_SCRIPTS\SE02_Controller\build\Release\juce_vst3_helper.exe
