MSBuild version 17.14.40+3e7442088 for .NET Framework

  Checking File Globs
  SE02_Controller_rc_lib.vcxproj -> C:\TEMP\ANTIGRAVITIY_ROLANDS_SCRIPTS\SE02_Controller\build\SE02_Controller_rc_lib.dir\Release\SE02_Controller_rc_lib.lib
  Generating juce_binarydata_SE02_Controller_BinaryData/JuceLibraryCode/BinaryData1.cpp, juce_binarydata_SE02_Controller_BinaryData/JuceLibraryCode/BinaryData2.cpp, juce_binarydata_SE02_Controller_BinaryData/JuceLibraryCode/BinaryData.h
  SE02_Controller_BinaryData.vcxproj -> C:\TEMP\ANTIGRAVITIY_ROLANDS_SCRIPTS\SE02_Controller\build\Release\SE02_Controller_BinaryData.lib
  PluginProcessor.cpp
  PluginEditor.cpp
  PresetBrowser.cpp
C:\TEMP\ANTIGRAVITIY_ROLANDS_SCRIPTS\SE02_Controller\Source\PluginProcessor.h(52,42): error C2065: 'fetchState': undeclared identifier [C:\TEMP\ANTIGRAVITIY_ROLANDS_SCRIPTS\SE02_Controller\build\SE02_Controller.vcxproj]
  (compiling source file '../Source/PluginEditor.cpp')
  
C:\TEMP\ANTIGRAVITIY_ROLANDS_SCRIPTS\SE02_Controller\Source\PluginProcessor.h(52,56): error C2653: 'FetchState': is not a class or namespace name [C:\TEMP\ANTIGRAVITIY_ROLANDS_SCRIPTS\SE02_Controller\build\SE02_Controller.vcxproj]
  (compiling source file '../Source/PluginEditor.cpp')
  
C:\TEMP\ANTIGRAVITIY_ROLANDS_SCRIPTS\SE02_Controller\Source\PluginProcessor.h(52,68): error C2065: 'Idle': undeclared identifier [C:\TEMP\ANTIGRAVITIY_ROLANDS_SCRIPTS\SE02_Controller\build\SE02_Controller.vcxproj]
  (compiling source file '../Source/PluginEditor.cpp')
  
C:\TEMP\ANTIGRAVITIY_ROLANDS_SCRIPTS\SE02_Controller\Source\PluginProcessor.h(52,42): error C2065: 'fetchState': undeclared identifier [C:\TEMP\ANTIGRAVITIY_ROLANDS_SCRIPTS\SE02_Controller\build\SE02_Controller.vcxproj]
  (compiling source file '../Source/PluginProcessor.cpp')
  
C:\TEMP\ANTIGRAVITIY_ROLANDS_SCRIPTS\SE02_Controller\Source\PluginProcessor.h(52,56): error C2653: 'FetchState': is not a class or namespace name [C:\TEMP\ANTIGRAVITIY_ROLANDS_SCRIPTS\SE02_Controller\build\SE02_Controller.vcxproj]
  (compiling source file '../Source/PluginProcessor.cpp')
  
C:\TEMP\ANTIGRAVITIY_ROLANDS_SCRIPTS\SE02_Controller\Source\PluginProcessor.h(52,68): error C2065: 'Idle': undeclared identifier [C:\TEMP\ANTIGRAVITIY_ROLANDS_SCRIPTS\SE02_Controller\build\SE02_Controller.vcxproj]
  (compiling source file '../Source/PluginProcessor.cpp')
  
C:\TEMP\ANTIGRAVITIY_ROLANDS_SCRIPTS\SE02_Controller\Source\PluginProcessor.h(52,42): error C2065: 'fetchState': undeclared identifier [C:\TEMP\ANTIGRAVITIY_ROLANDS_SCRIPTS\SE02_Controller\build\SE02_Controller.vcxproj]
  (compiling source file '../Source/PresetBrowser.cpp')
  
C:\TEMP\ANTIGRAVITIY_ROLANDS_SCRIPTS\SE02_Controller\Source\PluginProcessor.h(52,56): error C2653: 'FetchState': is not a class or namespace name [C:\TEMP\ANTIGRAVITIY_ROLANDS_SCRIPTS\SE02_Controller\build\SE02_Controller.vcxproj]
  (compiling source file '../Source/PresetBrowser.cpp')
  
C:\TEMP\ANTIGRAVITIY_ROLANDS_SCRIPTS\SE02_Controller\Source\PluginProcessor.h(52,68): error C2065: 'Idle': undeclared identifier [C:\TEMP\ANTIGRAVITIY_ROLANDS_SCRIPTS\SE02_Controller\build\SE02_Controller.vcxproj]
  (compiling source file '../Source/PresetBrowser.cpp')
  
C:\TEMP\ANTIGRAVITIY_ROLANDS_SCRIPTS\SE02_Controller\Source\PresetBrowser.cpp(111,29): warning C4996: 'juce::Font::Font': Use the constructor that takes a FontOptions argument [C:\TEMP\ANTIGRAVITIY_ROLANDS_SCRIPTS\SE02_Controller\build\SE02_Controller.vcxproj]
C:\TEMP\ANTIGRAVITIY_ROLANDS_SCRIPTS\SE02_Controller\Source\PluginProcessor.cpp(217,9): error C2059: syntax error: 'if' [C:\TEMP\ANTIGRAVITIY_ROLANDS_SCRIPTS\SE02_Controller\build\SE02_Controller.vcxproj]
C:\TEMP\ANTIGRAVITIY_ROLANDS_SCRIPTS\SE02_Controller\Source\PluginProcessor.cpp(218,9): error C2143: syntax error: missing ';' before '{' [C:\TEMP\ANTIGRAVITIY_ROLANDS_SCRIPTS\SE02_Controller\build\SE02_Controller.vcxproj]
C:\TEMP\ANTIGRAVITIY_ROLANDS_SCRIPTS\SE02_Controller\Source\PluginProcessor.cpp(218,9): error C2447: '{': missing function header (old-style formal list?) [C:\TEMP\ANTIGRAVITIY_ROLANDS_SCRIPTS\SE02_Controller\build\SE02_Controller.vcxproj]
C:\TEMP\ANTIGRAVITIY_ROLANDS_SCRIPTS\SE02_Controller\Source\PluginProcessor.cpp(234,9): error C3927: '->': trailing return type is not allowed after a non-function declarator [C:\TEMP\ANTIGRAVITIY_ROLANDS_SCRIPTS\SE02_Controller\build\SE02_Controller.vcxproj]
C:\TEMP\ANTIGRAVITIY_ROLANDS_SCRIPTS\SE02_Controller\Source\PluginProcessor.cpp(234,21): error C3484: syntax error: expected '->' before the return type [C:\TEMP\ANTIGRAVITIY_ROLANDS_SCRIPTS\SE02_Controller\build\SE02_Controller.vcxproj]
C:\TEMP\ANTIGRAVITIY_ROLANDS_SCRIPTS\SE02_Controller\Source\PluginProcessor.cpp(234,22): error C3613: missing return type after '->' ('int' assumed) [C:\TEMP\ANTIGRAVITIY_ROLANDS_SCRIPTS\SE02_Controller\build\SE02_Controller.vcxproj]
C:\TEMP\ANTIGRAVITIY_ROLANDS_SCRIPTS\SE02_Controller\Source\PluginProcessor.cpp(234,9): error C4430: missing type specifier - int assumed. Note: C++ does not support default-int [C:\TEMP\ANTIGRAVITIY_ROLANDS_SCRIPTS\SE02_Controller\build\SE02_Controller.vcxproj]
C:\TEMP\ANTIGRAVITIY_ROLANDS_SCRIPTS\SE02_Controller\Source\PluginProcessor.cpp(234,22): error C2146: syntax error: missing ';' before identifier 'addEvent' [C:\TEMP\ANTIGRAVITIY_ROLANDS_SCRIPTS\SE02_Controller\build\SE02_Controller.vcxproj]
C:\TEMP\ANTIGRAVITIY_ROLANDS_SCRIPTS\SE02_Controller\Source\PluginProcessor.cpp(235,5): error C2059: syntax error: '}' [C:\TEMP\ANTIGRAVITIY_ROLANDS_SCRIPTS\SE02_Controller\build\SE02_Controller.vcxproj]
C:\TEMP\ANTIGRAVITIY_ROLANDS_SCRIPTS\SE02_Controller\Source\PluginProcessor.cpp(235,5): error C2143: syntax error: missing ';' before '}' [C:\TEMP\ANTIGRAVITIY_ROLANDS_SCRIPTS\SE02_Controller\build\SE02_Controller.vcxproj]
C:\TEMP\ANTIGRAVITIY_ROLANDS_SCRIPTS\SE02_Controller\Source\PluginProcessor.cpp(239,21): error C2065: 'ccParams': undeclared identifier [C:\TEMP\ANTIGRAVITIY_ROLANDS_SCRIPTS\SE02_Controller\build\SE02_Controller.vcxproj]
C:\TEMP\ANTIGRAVITIY_ROLANDS_SCRIPTS\SE02_Controller\Source\PluginProcessor.cpp(239,5): error C2059: syntax error: 'for' [C:\TEMP\ANTIGRAVITIY_ROLANDS_SCRIPTS\SE02_Controller\build\SE02_Controller.vcxproj]
C:\TEMP\ANTIGRAVITIY_ROLANDS_SCRIPTS\SE02_Controller\Source\PluginProcessor.cpp(239,29): error C2059: syntax error: ')' [C:\TEMP\ANTIGRAVITIY_ROLANDS_SCRIPTS\SE02_Controller\build\SE02_Controller.vcxproj]
C:\TEMP\ANTIGRAVITIY_ROLANDS_SCRIPTS\SE02_Controller\Source\PluginProcessor.cpp(239,21): error C4430: missing type specifier - int assumed. Note: C++ does not support default-int [C:\TEMP\ANTIGRAVITIY_ROLANDS_SCRIPTS\SE02_Controller\build\SE02_Controller.vcxproj]
C:\TEMP\ANTIGRAVITIY_ROLANDS_SCRIPTS\SE02_Controller\Source\PluginProcessor.cpp(241,9): error C2059: syntax error: 'if' [C:\TEMP\ANTIGRAVITIY_ROLANDS_SCRIPTS\SE02_Controller\build\SE02_Controller.vcxproj]
C:\TEMP\ANTIGRAVITIY_ROLANDS_SCRIPTS\SE02_Controller\Source\PluginProcessor.cpp(242,9): error C2143: syntax error: missing ';' before '{' [C:\TEMP\ANTIGRAVITIY_ROLANDS_SCRIPTS\SE02_Controller\build\SE02_Controller.vcxproj]
C:\TEMP\ANTIGRAVITIY_ROLANDS_SCRIPTS\SE02_Controller\Source\PluginProcessor.cpp(242,9): error C2447: '{': missing function header (old-style formal list?) [C:\TEMP\ANTIGRAVITIY_ROLANDS_SCRIPTS\SE02_Controller\build\SE02_Controller.vcxproj]
C:\TEMP\ANTIGRAVITIY_ROLANDS_SCRIPTS\SE02_Controller\Source\PluginProcessor.cpp(262,5): error C2059: syntax error: '}' [C:\TEMP\ANTIGRAVITIY_ROLANDS_SCRIPTS\SE02_Controller\build\SE02_Controller.vcxproj]
C:\TEMP\ANTIGRAVITIY_ROLANDS_SCRIPTS\SE02_Controller\Source\PluginProcessor.cpp(262,5): error C2143: syntax error: missing ';' before '}' [C:\TEMP\ANTIGRAVITIY_ROLANDS_SCRIPTS\SE02_Controller\build\SE02_Controller.vcxproj]
C:\TEMP\ANTIGRAVITIY_ROLANDS_SCRIPTS\SE02_Controller\Source\PluginProcessor.cpp(265,5): error C3927: '->': trailing return type is not allowed after a non-function declarator [C:\TEMP\ANTIGRAVITIY_ROLANDS_SCRIPTS\SE02_Controller\build\SE02_Controller.vcxproj]
C:\TEMP\ANTIGRAVITIY_ROLANDS_SCRIPTS\SE02_Controller\Source\PluginProcessor.cpp(265,20): error C3484: syntax error: expected '->' before the return type [C:\TEMP\ANTIGRAVITIY_ROLANDS_SCRIPTS\SE02_Controller\build\SE02_Controller.vcxproj]
C:\TEMP\ANTIGRAVITIY_ROLANDS_SCRIPTS\SE02_Controller\Source\PluginProcessor.cpp(265,21): error C3613: missing return type after '->' ('int' assumed) [C:\TEMP\ANTIGRAVITIY_ROLANDS_SCRIPTS\SE02_Controller\build\SE02_Controller.vcxproj]
C:\TEMP\ANTIGRAVITIY_ROLANDS_SCRIPTS\SE02_Controller\Source\PluginProcessor.cpp(265,5): error C4430: missing type specifier - int assumed. Note: C++ does not support default-int [C:\TEMP\ANTIGRAVITIY_ROLANDS_SCRIPTS\SE02_Controller\build\SE02_Controller.vcxproj]
C:\TEMP\ANTIGRAVITIY_ROLANDS_SCRIPTS\SE02_Controller\Source\PluginProcessor.cpp(265,21): error C2146: syntax error: missing ';' before identifier 'clear' [C:\TEMP\ANTIGRAVITIY_ROLANDS_SCRIPTS\SE02_Controller\build\SE02_Controller.vcxproj]
C:\TEMP\ANTIGRAVITIY_ROLANDS_SCRIPTS\SE02_Controller\Source\PluginProcessor.cpp(266,1): error C2059: syntax error: '}' [C:\TEMP\ANTIGRAVITIY_ROLANDS_SCRIPTS\SE02_Controller\build\SE02_Controller.vcxproj]
C:\TEMP\ANTIGRAVITIY_ROLANDS_SCRIPTS\SE02_Controller\Source\PluginProcessor.cpp(266,1): error C2143: syntax error: missing ';' before '}' [C:\TEMP\ANTIGRAVITIY_ROLANDS_SCRIPTS\SE02_Controller\build\SE02_Controller.vcxproj]
C:\TEMP\ANTIGRAVITIY_ROLANDS_SCRIPTS\SE02_Controller\Source\PluginProcessor.cpp(268,55): error C2143: syntax error: missing ';' before '{' [C:\TEMP\ANTIGRAVITIY_ROLANDS_SCRIPTS\SE02_Controller\build\SE02_Controller.vcxproj]
C:\TEMP\ANTIGRAVITIY_ROLANDS_SCRIPTS\SE02_Controller\Source\PluginProcessor.cpp(268,55): error C2447: '{': missing function header (old-style formal list?) [C:\TEMP\ANTIGRAVITIY_ROLANDS_SCRIPTS\SE02_Controller\build\SE02_Controller.vcxproj]
C:\TEMP\ANTIGRAVITIY_ROLANDS_SCRIPTS\SE02_Controller\Source\PluginEditor.cpp(514,77): warning C4244: 'argument': conversion from 'float' to 'int', possible loss of data [C:\TEMP\ANTIGRAVITIY_ROLANDS_SCRIPTS\SE02_Controller\build\SE02_Controller.vcxproj]
C:\TEMP\ANTIGRAVITIY_ROLANDS_SCRIPTS\SE02_Controller\Source\PluginEditor.cpp(514,64): warning C4244: 'argument': conversion from 'float' to 'int', possible loss of data [C:\TEMP\ANTIGRAVITIY_ROLANDS_SCRIPTS\SE02_Controller\build\SE02_Controller.vcxproj]
C:\TEMP\ANTIGRAVITIY_ROLANDS_SCRIPTS\SE02_Controller\Source\PluginEditor.cpp(514,44): warning C4244: 'argument': conversion from 'float' to 'int', possible loss of data [C:\TEMP\ANTIGRAVITIY_ROLANDS_SCRIPTS\SE02_Controller\build\SE02_Controller.vcxproj]
C:\TEMP\ANTIGRAVITIY_ROLANDS_SCRIPTS\SE02_Controller\Source\PluginEditor.cpp(514,32): warning C4244: 'argument': conversion from 'float' to 'int', possible loss of data [C:\TEMP\ANTIGRAVITIY_ROLANDS_SCRIPTS\SE02_Controller\build\SE02_Controller.vcxproj]
C:\TEMP\ANTIGRAVITIY_ROLANDS_SCRIPTS\SE02_Controller\Source\PluginEditor.cpp(515,75): warning C4244: 'argument': conversion from 'float' to 'int', possible loss of data [C:\TEMP\ANTIGRAVITIY_ROLANDS_SCRIPTS\SE02_Controller\build\SE02_Controller.vcxproj]
C:\TEMP\ANTIGRAVITIY_ROLANDS_SCRIPTS\SE02_Controller\Source\PluginEditor.cpp(515,62): warning C4244: 'argument': conversion from 'float' to 'int', possible loss of data [C:\TEMP\ANTIGRAVITIY_ROLANDS_SCRIPTS\SE02_Controller\build\SE02_Controller.vcxproj]
C:\TEMP\ANTIGRAVITIY_ROLANDS_SCRIPTS\SE02_Controller\Source\PluginEditor.cpp(515,42): warning C4244: 'argument': conversion from 'float' to 'int', possible loss of data [C:\TEMP\ANTIGRAVITIY_ROLANDS_SCRIPTS\SE02_Controller\build\SE02_Controller.vcxproj]
C:\TEMP\ANTIGRAVITIY_ROLANDS_SCRIPTS\SE02_Controller\Source\PluginEditor.cpp(515,30): warning C4244: 'argument': conversion from 'float' to 'int', possible loss of data [C:\TEMP\ANTIGRAVITIY_ROLANDS_SCRIPTS\SE02_Controller\build\SE02_Controller.vcxproj]
C:\TEMP\ANTIGRAVITIY_ROLANDS_SCRIPTS\SE02_Controller\Source\PluginEditor.cpp(516,78): warning C4244: 'argument': conversion from 'float' to 'int', possible loss of data [C:\TEMP\ANTIGRAVITIY_ROLANDS_SCRIPTS\SE02_Controller\build\SE02_Controller.vcxproj]
C:\TEMP\ANTIGRAVITIY_ROLANDS_SCRIPTS\SE02_Controller\Source\PluginEditor.cpp(516,65): warning C4244: 'argument': conversion from 'float' to 'int', possible loss of data [C:\TEMP\ANTIGRAVITIY_ROLANDS_SCRIPTS\SE02_Controller\build\SE02_Controller.vcxproj]
C:\TEMP\ANTIGRAVITIY_ROLANDS_SCRIPTS\SE02_Controller\Source\PluginEditor.cpp(516,45): warning C4244: 'argument': conversion from 'float' to 'int', possible loss of data [C:\TEMP\ANTIGRAVITIY_ROLANDS_SCRIPTS\SE02_Controller\build\SE02_Controller.vcxproj]
C:\TEMP\ANTIGRAVITIY_ROLANDS_SCRIPTS\SE02_Controller\Source\PluginEditor.cpp(516,33): warning C4244: 'argument': conversion from 'float' to 'int', possible loss of data [C:\TEMP\ANTIGRAVITIY_ROLANDS_SCRIPTS\SE02_Controller\build\SE02_Controller.vcxproj]
C:\TEMP\ANTIGRAVITIY_ROLANDS_SCRIPTS\SE02_Controller\Source\PluginEditor.cpp(518,76): warning C4244: 'argument': conversion from 'float' to 'int', possible loss of data [C:\TEMP\ANTIGRAVITIY_ROLANDS_SCRIPTS\SE02_Controller\build\SE02_Controller.vcxproj]
C:\TEMP\ANTIGRAVITIY_ROLANDS_SCRIPTS\SE02_Controller\Source\PluginEditor.cpp(518,63): warning C4244: 'argument': conversion from 'float' to 'int', possible loss of data [C:\TEMP\ANTIGRAVITIY_ROLANDS_SCRIPTS\SE02_Controller\build\SE02_Controller.vcxproj]
C:\TEMP\ANTIGRAVITIY_ROLANDS_SCRIPTS\SE02_Controller\Source\PluginEditor.cpp(518,43): warning C4244: 'argument': conversion from 'float' to 'int', possible loss of data [C:\TEMP\ANTIGRAVITIY_ROLANDS_SCRIPTS\SE02_Controller\build\SE02_Controller.vcxproj]
C:\TEMP\ANTIGRAVITIY_ROLANDS_SCRIPTS\SE02_Controller\Source\PluginEditor.cpp(518,31): warning C4244: 'argument': conversion from 'float' to 'int', possible loss of data [C:\TEMP\ANTIGRAVITIY_ROLANDS_SCRIPTS\SE02_Controller\build\SE02_Controller.vcxproj]
C:\TEMP\ANTIGRAVITIY_ROLANDS_SCRIPTS\SE02_Controller\Source\PluginEditor.cpp(519,74): warning C4244: 'argument': conversion from 'float' to 'int', possible loss of data [C:\TEMP\ANTIGRAVITIY_ROLANDS_SCRIPTS\SE02_Controller\build\SE02_Controller.vcxproj]
C:\TEMP\ANTIGRAVITIY_ROLANDS_SCRIPTS\SE02_Controller\Source\PluginEditor.cpp(519,61): warning C4244: 'argument': conversion from 'float' to 'int', possible loss of data [C:\TEMP\ANTIGRAVITIY_ROLANDS_SCRIPTS\SE02_Controller\build\SE02_Controller.vcxproj]
C:\TEMP\ANTIGRAVITIY_ROLANDS_SCRIPTS\SE02_Controller\Source\PluginEditor.cpp(519,41): warning C4244: 'argument': conversion from 'float' to 'int', possible loss of data [C:\TEMP\ANTIGRAVITIY_ROLANDS_SCRIPTS\SE02_Controller\build\SE02_Controller.vcxproj]
C:\TEMP\ANTIGRAVITIY_ROLANDS_SCRIPTS\SE02_Controller\Source\PluginEditor.cpp(519,29): warning C4244: 'argument': conversion from 'float' to 'int', possible loss of data [C:\TEMP\ANTIGRAVITIY_ROLANDS_SCRIPTS\SE02_Controller\build\SE02_Controller.vcxproj]
C:\TEMP\ANTIGRAVITIY_ROLANDS_SCRIPTS\SE02_Controller\Source\PluginEditor.cpp(520,76): warning C4244: 'argument': conversion from 'float' to 'int', possible loss of data [C:\TEMP\ANTIGRAVITIY_ROLANDS_SCRIPTS\SE02_Controller\build\SE02_Controller.vcxproj]
C:\TEMP\ANTIGRAVITIY_ROLANDS_SCRIPTS\SE02_Controller\Source\PluginEditor.cpp(520,63): warning C4244: 'argument': conversion from 'float' to 'int', possible loss of data [C:\TEMP\ANTIGRAVITIY_ROLANDS_SCRIPTS\SE02_Controller\build\SE02_Controller.vcxproj]
C:\TEMP\ANTIGRAVITIY_ROLANDS_SCRIPTS\SE02_Controller\Source\PluginEditor.cpp(520,43): warning C4244: 'argument': conversion from 'float' to 'int', possible loss of data [C:\TEMP\ANTIGRAVITIY_ROLANDS_SCRIPTS\SE02_Controller\build\SE02_Controller.vcxproj]
C:\TEMP\ANTIGRAVITIY_ROLANDS_SCRIPTS\SE02_Controller\Source\PluginEditor.cpp(520,31): warning C4244: 'argument': conversion from 'float' to 'int', possible loss of data [C:\TEMP\ANTIGRAVITIY_ROLANDS_SCRIPTS\SE02_Controller\build\SE02_Controller.vcxproj]
C:\TEMP\ANTIGRAVITIY_ROLANDS_SCRIPTS\SE02_Controller\Source\PluginEditor.cpp(522,74): warning C4244: 'argument': conversion from 'float' to 'int', possible loss of data [C:\TEMP\ANTIGRAVITIY_ROLANDS_SCRIPTS\SE02_Controller\build\SE02_Controller.vcxproj]
C:\TEMP\ANTIGRAVITIY_ROLANDS_SCRIPTS\SE02_Controller\Source\PluginEditor.cpp(522,61): warning C4244: 'argument': conversion from 'float' to 'int', possible loss of data [C:\TEMP\ANTIGRAVITIY_ROLANDS_SCRIPTS\SE02_Controller\build\SE02_Controller.vcxproj]
C:\TEMP\ANTIGRAVITIY_ROLANDS_SCRIPTS\SE02_Controller\Source\PluginEditor.cpp(522,41): warning C4244: 'argument': conversion from 'float' to 'int', possible loss of data [C:\TEMP\ANTIGRAVITIY_ROLANDS_SCRIPTS\SE02_Controller\build\SE02_Controller.vcxproj]
C:\TEMP\ANTIGRAVITIY_ROLANDS_SCRIPTS\SE02_Controller\Source\PluginEditor.cpp(522,29): warning C4244: 'argument': conversion from 'float' to 'int', possible loss of data [C:\TEMP\ANTIGRAVITIY_ROLANDS_SCRIPTS\SE02_Controller\build\SE02_Controller.vcxproj]
C:\TEMP\ANTIGRAVITIY_ROLANDS_SCRIPTS\SE02_Controller\Source\PluginEditor.cpp(531,86): warning C4244: 'argument': conversion from 'float' to 'int', possible loss of data [C:\TEMP\ANTIGRAVITIY_ROLANDS_SCRIPTS\SE02_Controller\build\SE02_Controller.vcxproj]
C:\TEMP\ANTIGRAVITIY_ROLANDS_SCRIPTS\SE02_Controller\Source\PluginEditor.cpp(531,73): warning C4244: 'argument': conversion from 'float' to 'int', possible loss of data [C:\TEMP\ANTIGRAVITIY_ROLANDS_SCRIPTS\SE02_Controller\build\SE02_Controller.vcxproj]
C:\TEMP\ANTIGRAVITIY_ROLANDS_SCRIPTS\SE02_Controller\Source\PluginEditor.cpp(531,52): warning C4244: 'argument': conversion from 'float' to 'int', possible loss of data [C:\TEMP\ANTIGRAVITIY_ROLANDS_SCRIPTS\SE02_Controller\build\SE02_Controller.vcxproj]
C:\TEMP\ANTIGRAVITIY_ROLANDS_SCRIPTS\SE02_Controller\Source\PluginEditor.cpp(531,32): warning C4244: 'argument': conversion from 'float' to 'int', possible loss of data [C:\TEMP\ANTIGRAVITIY_ROLANDS_SCRIPTS\SE02_Controller\build\SE02_Controller.vcxproj]
C:\TEMP\ANTIGRAVITIY_ROLANDS_SCRIPTS\SE02_Controller\Source\PluginEditor.cpp(532,87): warning C4244: 'argument': conversion from 'float' to 'int', possible loss of data [C:\TEMP\ANTIGRAVITIY_ROLANDS_SCRIPTS\SE02_Controller\build\SE02_Controller.vcxproj]
C:\TEMP\ANTIGRAVITIY_ROLANDS_SCRIPTS\SE02_Controller\Source\PluginEditor.cpp(532,74): warning C4244: 'argument': conversion from 'float' to 'int', possible loss of data [C:\TEMP\ANTIGRAVITIY_ROLANDS_SCRIPTS\SE02_Controller\build\SE02_Controller.vcxproj]
C:\TEMP\ANTIGRAVITIY_ROLANDS_SCRIPTS\SE02_Controller\Source\PluginEditor.cpp(532,53): warning C4244: 'argument': conversion from 'float' to 'int', possible loss of data [C:\TEMP\ANTIGRAVITIY_ROLANDS_SCRIPTS\SE02_Controller\build\SE02_Controller.vcxproj]
C:\TEMP\ANTIGRAVITIY_ROLANDS_SCRIPTS\SE02_Controller\Source\PluginEditor.cpp(532,33): warning C4244: 'argument': conversion from 'float' to 'int', possible loss of data [C:\TEMP\ANTIGRAVITIY_ROLANDS_SCRIPTS\SE02_Controller\build\SE02_Controller.vcxproj]
C:\TEMP\ANTIGRAVITIY_ROLANDS_SCRIPTS\SE02_Controller\Source\PluginEditor.cpp(533,85): warning C4244: 'argument': conversion from 'float' to 'int', possible loss of data [C:\TEMP\ANTIGRAVITIY_ROLANDS_SCRIPTS\SE02_Controller\build\SE02_Controller.vcxproj]
C:\TEMP\ANTIGRAVITIY_ROLANDS_SCRIPTS\SE02_Controller\Source\PluginEditor.cpp(533,72): warning C4244: 'argument': conversion from 'float' to 'int', possible loss of data [C:\TEMP\ANTIGRAVITIY_ROLANDS_SCRIPTS\SE02_Controller\build\SE02_Controller.vcxproj]
C:\TEMP\ANTIGRAVITIY_ROLANDS_SCRIPTS\SE02_Controller\Source\PluginEditor.cpp(533,51): warning C4244: 'argument': conversion from 'float' to 'int', possible loss of data [C:\TEMP\ANTIGRAVITIY_ROLANDS_SCRIPTS\SE02_Controller\build\SE02_Controller.vcxproj]
C:\TEMP\ANTIGRAVITIY_ROLANDS_SCRIPTS\SE02_Controller\Source\PluginEditor.cpp(533,31): warning C4244: 'argument': conversion from 'float' to 'int', possible loss of data [C:\TEMP\ANTIGRAVITIY_ROLANDS_SCRIPTS\SE02_Controller\build\SE02_Controller.vcxproj]
C:\TEMP\ANTIGRAVITIY_ROLANDS_SCRIPTS\SE02_Controller\Source\PluginEditor.cpp(534,84): warning C4244: 'argument': conversion from 'float' to 'int', possible loss of data [C:\TEMP\ANTIGRAVITIY_ROLANDS_SCRIPTS\SE02_Controller\build\SE02_Controller.vcxproj]
C:\TEMP\ANTIGRAVITIY_ROLANDS_SCRIPTS\SE02_Controller\Source\PluginEditor.cpp(534,71): warning C4244: 'argument': conversion from 'float' to 'int', possible loss of data [C:\TEMP\ANTIGRAVITIY_ROLANDS_SCRIPTS\SE02_Controller\build\SE02_Controller.vcxproj]
C:\TEMP\ANTIGRAVITIY_ROLANDS_SCRIPTS\SE02_Controller\Source\PluginEditor.cpp(534,51): warning C4244: 'argument': conversion from 'float' to 'int', possible loss of data [C:\TEMP\ANTIGRAVITIY_ROLANDS_SCRIPTS\SE02_Controller\build\SE02_Controller.vcxproj]
C:\TEMP\ANTIGRAVITIY_ROLANDS_SCRIPTS\SE02_Controller\Source\PluginEditor.cpp(534,31): warning C4244: 'argument': conversion from 'float' to 'int', possible loss of data [C:\TEMP\ANTIGRAVITIY_ROLANDS_SCRIPTS\SE02_Controller\build\SE02_Controller.vcxproj]
C:\TEMP\ANTIGRAVITIY_ROLANDS_SCRIPTS\SE02_Controller\Source\PluginEditor.cpp(535,84): warning C4244: 'argument': conversion from 'float' to 'int', possible loss of data [C:\TEMP\ANTIGRAVITIY_ROLANDS_SCRIPTS\SE02_Controller\build\SE02_Controller.vcxproj]
C:\TEMP\ANTIGRAVITIY_ROLANDS_SCRIPTS\SE02_Controller\Source\PluginEditor.cpp(535,71): warning C4244: 'argument': conversion from 'float' to 'int', possible loss of data [C:\TEMP\ANTIGRAVITIY_ROLANDS_SCRIPTS\SE02_Controller\build\SE02_Controller.vcxproj]
C:\TEMP\ANTIGRAVITIY_ROLANDS_SCRIPTS\SE02_Controller\Source\PluginEditor.cpp(535,51): warning C4244: 'argument': conversion from 'float' to 'int', possible loss of data [C:\TEMP\ANTIGRAVITIY_ROLANDS_SCRIPTS\SE02_Controller\build\SE02_Controller.vcxproj]
C:\TEMP\ANTIGRAVITIY_ROLANDS_SCRIPTS\SE02_Controller\Source\PluginEditor.cpp(535,31): warning C4244: 'argument': conversion from 'float' to 'int', possible loss of data [C:\TEMP\ANTIGRAVITIY_ROLANDS_SCRIPTS\SE02_Controller\build\SE02_Controller.vcxproj]
  juce_vst3_helper.vcxproj -> C:\TEMP\ANTIGRAVITIY_ROLANDS_SCRIPTS\SE02_Controller\build\Release\juce_vst3_helper.exe
